2026-07-14 01:41:12 | logs                 | INFO     | [Logger] Initialized. Writing to: SmellRL.ablations\logs_20260714_014112.log
2026-07-14 01:41:12 | logs                 | INFO     | ╔══════════════════════════════════════════════════╗
2026-07-14 01:41:12 | logs                 | INFO     | ║     SmellRL Minimal Core Ablation Suite (v3)    ║
2026-07-14 01:41:12 | logs                 | INFO     | ╚══════════════════════════════════════════════════╝
2026-07-14 01:41:12 | logs                 | INFO     | Device: cuda
2026-07-14 01:41:17 | logs                 | INFO     | ═ Running Core Spec: full_rgat ═
2026-07-14 01:41:17 | logs                 | INFO     | [full_rgat] Pre-training encoder...
2026-07-14 02:09:22 | logs                 | INFO     | [Checkpoint] Loaded step=40 from data/results\ablation\full_rgat\gcn_pretrain_latest.pt
2026-07-14 02:09:22 | logs                 | INFO     | [full_rgat] Running 2-step DQN training (gamma=0.9)...
2026-07-14 03:00:44 | logs                 | INFO     | [full_rgat] Complete. Val F1: 0.5083 | Test F1: 0.5079
2026-07-14 03:00:44 | logs                 | INFO     | ═ Running Core Spec: no_semantic ═
2026-07-14 03:00:44 | logs                 | INFO     | [no_semantic] Pre-training encoder...
2026-07-14 03:38:27 | logs                 | INFO     | [Checkpoint] Loaded step=40 from data/results\ablation\no_semantic\gcn_pretrain_latest.pt
2026-07-14 03:38:27 | logs                 | INFO     | [no_semantic] Running 2-step DQN training (gamma=0.9)...
2026-07-14 04:26:52 | logs                 | INFO     | [no_semantic] Complete. Val F1: 0.4862 | Test F1: 0.4863
2026-07-14 04:26:53 | logs                 | INFO     | ═ Running Core Spec: metrics_only ═
2026-07-14 04:26:53 | logs                 | INFO     | [metrics_only] Pre-training encoder...
2026-07-14 04:45:21 | logs                 | INFO     | [Checkpoint] Loaded step=40 from data/results\ablation\metrics_only\gcn_pretrain_latest.pt
2026-07-14 04:45:21 | logs                 | INFO     | [metrics_only] Running 2-step DQN training (gamma=0.9)...
2026-07-14 05:20:24 | logs                 | INFO     | [metrics_only] Complete. Val F1: 0.5039 | Test F1: 0.4890
2026-07-14 05:20:24 | logs                 | INFO     | ═ Running Core Spec: supervised_only ═
2026-07-14 05:20:24 | logs                 | INFO     | [supervised_only] Pre-training encoder...
2026-07-14 05:48:23 | logs                 | INFO     | [Checkpoint] Loaded step=40 from data/results\ablation\supervised_only\gcn_pretrain_latest.pt
2026-07-14 05:48:23 | logs                 | INFO     | [supervised_only] Skipping RL stage (supervised pre-training weights only).
